; Package list for BONUS-CD0 packages.

; This is the package list used for the packages that are only on the BONUS CD
; Generally speaking... they are not on any of the install media nor installed
; under BASE or FULL. However, some may be included here even if they are
; included elsewhere.

archiver\7zdec
archiver\arj
archiver\cabext
archiver\lpq1
archiver\p7zip
archiver\zoo
archiver\lzip
archiver\lzma
archiver\lzop
archiver\slicer

boot\romdsk
boot\romos
boot\syslnx
devel\bcc
devel\bwbasic
devel\cpp2ccmt
devel\djgpp_bn
devel\djgpp_bs
devel\djgpp_db
devel\djgpp_fq
devel\djgpp_fx
devel\djgpp_gc
devel\djgpp_gp
devel\djgpp_mk
devel\djgpp_ob
devel\djgpp_rh
devel\djgpp_tx
devel\djgpp
devel\euphoria
devel\fasm
devel\fbc_help
devel\fbc
devel\fpc
devel\insight
devel\jwasm
devel\lua
devel\nasm
devel\ow
devel\perl
devel\regina
devel\runtime
devel\suppls
devel\upx
edit\biew
edit\blocek
edit\doshexed
edit\e3
edit\elvis
edit\fed
edit\freemacs
edit\mbedit
edit\mined
edit\ospedit
edit\pico
edit\setedit
edit\tde
edit\uhex
edit\vim

; emulators removed

games\bolitare
games\boom
games\btitanic
games\eliza
games\empong
games\ewsnake
games\fmines
games\freedoom
games\gnuchess
games\hangman
games\ivan
games\kraptor
games\liquiwar
games\magnetic
games\mirmagic
games\nethack
games\nge_nibb
games\pakupaku
games\qtetris
games\snova
games\sudoku86
games\vertigo
games\vitetris
games\wing
games\ww1
games\zmiy
net\arachne
net\crynwr
net\curl
net\dillo
net\dwol
net\e1000pkt
net\e100pkt
net\ethtools
net\gopherus
net\htget
net\links
net\lynx
net\m2wat
net\mskermit
net\mtcp
net\newsnuz
net\ntool
net\picosntp
net\picotcp
net\ping
net\rsync
net\ssh2dos
net\sshdos
net\vmsmount
net\vncview
net\wattcp
net\wget
sound\adplay
sound\bladeenc
sound\cdp
sound\dosmid
sound\lame
sound\mplayer
sound\opencp
util\ansimat
util\b64
util\bsum
unix\cal
util\cdrom2ui
util\clamav
util\clamdb
util\dialog
apps\dn2
util\dog
util\fdisrc
apps\fdshell
util\finddisk
util\flashrom
util\gifsicle
util\gnufonts
unix\gnused
util\hexcomp
util\hip
drivers\hiram
util\localcfg
drivers\lptdrv
util\memteste
drivers\ntfs
gui\opengem
util\ospimg
gui\ozonegui
util\pbox
util\pdtree
apps\pgme
util\pngcrush
util\rcal
gui\seal
util\search
apps\sqlite
util\terminal
util\testdisk
util\unrtf
unix\uptimec
util\utf8tocp
util\wcd
util\wde
util\whichfat
util\wptail
util\dzemm
util\xfdisk
util\daa2iso
util\hip
util\pdtree
util\flashrom
util\gifsicle
util\pngcrush
util\raread
util\rawrite
apps\sqlite
util\unrtf
util\aefdisk
util\fdshield
util\password
base\htmlhelp

games\mistral
drivers\uhdd
sound\lame
unix\minibox
util\zdir

; New packages without translations
devel\i16budoc
devel\i16butil
devel\i16gcc
devel\i16gcdoc
devel\i16newli
devel\i16src
net\etherdfs
util\edict
apps\fdtui
util\aefdisk
devel\i16lbi86
games\dosdef
games\ev4de
games\flpybird
games\noudar
devel\i16elklc
devel\i16nlelk

devel\dojs
devel\msa
devel\tinyasm

drivers\gcdrom
drivers\uide
; drivers\eltorito

; The new FreeCOM beta and older "stable" version
base\freecom
base\command


