; Package list for BONUS-CD0 packages.

; This is the package list used for the packages that are only on the BONUS CD
; Generally speaking... they are not on any of the install media nor installed
; under BASE or FULL. However, some may be included here even if they are
; included elsewhere.

; boot\romdsk	; contains binaries without sources
; boot\romos	; contains binaries without sources

boot\syslnx

devel\bcc
devel\bwbasic
devel\cpp2ccmt
devel\euphoria
devel\fasm
devel\fbc_help
devel\fbc
devel\fpc
devel\insight
devel\jwasm
devel\lua
devel\ldebug
devel\nasm
devel\watcomc
devel\watcomf
devel\perl
devel\regina
devel\runtime
devel\suppls
devel\upx

devel\sqlite

devel\i16env
devel\i16budoc
devel\i16butil
devel\i16gcc
devel\i16gcdoc
devel\i16newli
devel\i16src
devel\i16lbi86
devel\i16elklc
devel\i16nlelk
devel\dojs
devel\msa
devel\tinyasm
devel\kittenc

devel\fdisrc

; devel\djgpp
; devel\dj_bin
; devel\dj_alego
; devel\dj_bison
; devel\dj_gdb
; devel\dj_faq
; devel\dj_flex
; devel\dj_gcc
; devel\dj_gpp
; devel\dj_make
; devel\dj_objc
; devel\dj_rhide
; devel\dj_txinf
; devel\dj_watcp
; devel\dj_zlib
; devel\dj_gcsrc

gui\opengem

disk\aefdisk
disk\dosfsck
disk\edict
disk\finddisk
disk\ospimg
disk\part
disk\raread
disk\rawrite
disk\testdisk
disk\wde
disk\whichfat
disk\xfdisk
disk\zerofill

util\ansimat
util\b64
util\bmp2png
util\bootfix
util\bsum
util\cdrom2ui
util\cpied
util\daa2iso
util\dialog
util\dog
util\dos32a
util\dzemm
util\fdbanner
util\fdshield
util\flashrom
util\foxcalc
util\foxtype
util\gifsicle
util\gnuchcp
util\gnufonts
util\hexcomp
util\hip
util\listpci
util\listvesa
util\localcfg
util\localize
util\memteste
util\password
util\pbox
util\pcisleep
util\pdtree
util\pg
util\pngcrush
util\rcal
util\search
util\setlock
util\stamp
util\switchar
util\topspin
util\tp7p5fix
util\unrtf
util\utf8tocp
util\wcd
util\wptail
util\xdel
util\zdir

edit\biew
edit\blocek
edit\doshexed
edit\e3
edit\elvis
edit\fed
edit\freemacs
edit\mbedit
edit\mined
edit\ospedit
edit\pico
edit\setedit
edit\tde
edit\uhex
edit\vim
edit\msedit


