; Package list for ALL package installation.

; These are the same as the BASE set.
base\append
base\assign
base\attrib
base\chkdsk
base\choice
base\command
base\comp
base\cpidos
base\ctmouse
base\debug
base\defrag
base\deltree
base\devload
base\diskcomp
base\diskcopy
base\display
base\dosfsck
base\edit
base\edlin
base\exe2bin
base\fc
base\fdapm
base\fdisk
base\find
base\format
base\fdxms
base\fdxms286
base\help
base\jemm
base\himemx
base\kernel
base\keyb
base\keyb_lay
base\label
base\lbacache
base\mem
base\mirror
base\mkeyb
base\mode
base\more
base\move
base\nansi
base\nlsfunc
base\print
base\recover
base\replace
base\share
base\shsucdx
base\sort
base\swsubst
base\tree
base\undelete
base\unformat
base\xcopy
base\graphics
base\welcome

util\udvd2
util\callver

util\fdnpkg
util\cwsdpmi
util\v8power
util\shsufdrv

archiver\zip
archiver\unzip

; The remaining packages are only installed when ALL is chosen.

util\fdimples

util\bootfix
util\grep
util\tee
util\touch
util\which
util\pg

archiver\tar
archiver\gzip
archiver\bz2
archiver\lzip
archiver\lzma
archiver\lzop

edit\msedit

util\bmp2png
util\cdrcache
util\cpied
util\daa2iso
util\dos32a
util\foxcalc
util\gnubc
util\less
util\localize
util\md5sum
util\part
util\srdisk
util\usbdos
util\slowdown
util\xfdisk
util\zerofill
util\xdel

util\4dos
util\doslfn

util\dosutil
util\fdshield

util\doszip
util\dzemm
util\du
util\foxtype
util\head
util\lfndos
util\gnuchcp
util\xgrep

util\nro
util\password
util\pcisleep
util\raread
util\rawrite
util\setlock
util\sleep
util\spool
util\stamp
util\start
util\switchar
util\topspin
util\trch
util\uptime
util\xkeyb
util\shareext

; No longer installed to due insufficient disk space on slim USB stick
; There are still included as extras on the Big USB and CD-ROM versions.

; net\fdnet
; util\wcd
; net\mtcp
; net\wget
; net\vmsmount
; boot\syslnx
