; Package list for FULL package installation.

; This is the package list for a FULL install of FreeDOS

; Always include all BASE and FDI packages
$PKG_BASE$
$PKG_FDI$

; Include custom release user assistance packages
$PKG_ASSIST$

; Additional packages installed with FULL
unixlike\grep
unixlike\xgrep
unixlike\nro
unixlike\head
unixlike\du
unixlike\sleep
unixlike\tee
unixlike\touch
unixlike\which

archiver\tar
archiver\gzip
archiver\bz2
archiver\lzip
archiver\lzma
archiver\lzop
archiver\slicer

edit\msedit

util\bootfix
util\pg
util\bmp2png
util\cdrcache
util\cpied
util\daa2iso
util\dos32a
util\foxcalc
unixlike\gnubc
unixlike\less
util\localize
unixlike\md5sum
util\part
util\srdisk
util\usbdos
util\slowdown
util\xfdisk
util\zerofill
util\xdel

util\doslfn

util\dosutil

util\doszip
util\dzemm
util\foxtype
util\lfndos
util\gnuchcp

util\password
util\pcisleep
util\raread
util\rawrite
util\setlock
util\spool
util\stamp
util\switchar
util\topspin
unixlike\trch
util\xkeyb

util\shareext
util\wcd
util\fdshield

; Not Usefull without Networking
; net\mtcp
; net\wget

; Per Jim, All of Archivers, Base, Editors, Games, Unix-like and Utilities
; Packages should be installed with FULL. These Packages are not referenced
; earlier.
games\bolitare
games\boom
games\btitanic
games\dosdef
games\eliza
games\empong
games\ev4de
games\ewsnake
games\flpybird
games\fmines
games\freedoom
games\frotz
games\gnuchess
games\hangman
games\ivan
games\kraptor
games\liquiwar
games\magnetic
games\mirmagic
games\nethack
games\nge_nibb
games\noudar
games\pakupaku
games\qtetris
games\snova
games\sudoku86
games\vertigo
games\vitetris
games\wing
games\ww1
games\zmiy

archiver\7zdec
archiver\arj
archiver\cabext
archiver\lpq1
archiver\p7zip
archiver\zoo

base\samcfg

edit\biew
edit\blocek
edit\doshexed
edit\e3
edit\elvis
edit\fed
edit\freemacs
edit\mbedit
edit\mined
edit\ospedit
edit\pico
edit\setedit
edit\tde
edit\uhex
edit\vim

unixlike\cal
unixlike\gnused
unixlike\uptimec

util\aefdisk
util\ansimat
util\b64
util\bsum
util\cdrom2ui
util\clamav
util\clamdb
util\dialog
util\dn2
util\dog
util\edict
util\fdshell

; FDTUI Conflicts with FDSHELL
; util\fdtui

util\finddisk
util\flashrom
util\gifsicle
util\gnufonts
util\hexcomp
util\hip
util\hiram
util\localcfg
util\lptdrv
util\memteste
util\ntfs
util\ospimg
util\pbox
util\pdtree
util\pgme
util\pngcrush
util\rcal
util\search
util\sqlite
util\terminal
util\testdisk
util\unrtf
util\utf8tocp
util\wde
util\whichfat
util\wptail

; Following are Online Repository Only Packages and are excluded from the
; install media for various reasons

; archiver\lha
; archiver\unrar

; devel\tppatch

; games\kiloblas
; games\lincrawl
; games\psrinvad

; unixlike\minibox
; unixlike\tail
; unixlike\uptime

; util\4dos
; util\blwcbc
; util\paint2
; util\start
; util\zdir

; new additions and returned packages

util\gcdrom
util\uide

; Not really useful unless making a FreeDOS release from scratch, moved to XTRA
; util\fdisrc

