; Package list for FULL package installation.

; This is the package list for a FULL install of FreeDOS

; Always include all BASE and FDI packages
$PKG_BASE$
$PKG_FDI$

; Include custom release user assistance packages
$PKG_ASSIST$

; Additional packages installed with FULL
unix\grep
unix\xgrep
unix\nro
unix\head
unix\du
unix\sleep
unix\tee
unix\touch
unix\which

archiver\tar
archiver\gzip
archiver\bz2
archiver\lzip
archiver\lzma
archiver\lzop
archiver\slicer

edit\msedit

util\bootfix
util\pg
util\bmp2png
drivers\cdrcache
util\cpied
util\daa2iso
util\dos32a
util\foxcalc
unix\gnubc
unix\less
util\localize
unix\md5sum
util\part
drivers\srdisk
drivers\usbdos
util\slowdown
util\xfdisk
util\zerofill
util\xdel

drivers\doslfn
util\dosfsck


util\dosutil

apps\doszip
; util\dzemm
util\foxtype
drivers\lfndos
util\gnuchcp

util\password
util\pcisleep
util\raread
util\rawrite
util\setlock
drivers\spool
util\stamp
util\switchar
util\topspin
unix\trch

drivers\xkeyb

drivers\shareext
util\wcd
util\fdshield

; Not Usefull without Networking
; net\mtcp
; net\wget

; Per Jim, All of Archivers, Base, Editors, Games, Unix-like and Utilities
; Packages should be installed with FULL. These Packages are not referenced
; earlier.
games\bolitare
games\boom
games\btitanic
games\dosdef
games\eliza
games\empong
games\ev4de
games\ewsnake
games\flpybird
games\fmines
games\freedoom
games\gnuchess
games\hangman
games\ivan
games\kraptor
games\liquiwar
games\magnetic
games\mirmagic
games\nethack
games\nge_nibb
games\noudar
games\pakupaku
games\qtetris
games\senet
games\snova
games\sudoku86
games\vertigo
games\vitetris
games\wing
games\ww1
games\zmiy

archiver\7zdec
archiver\arj
archiver\cabext
archiver\lpq1
archiver\p7zip
archiver\zoo

base\samcfg

edit\biew
edit\blocek
edit\doshexed
edit\e3
edit\elvis
edit\fed
edit\freemacs
edit\mbedit
edit\mined
edit\ospedit
edit\pico
edit\setedit
edit\tde
edit\uhex
edit\vim

unix\cal
unix\gnused
unix\uptimec

util\aefdisk
util\ansimat
util\b64
util\bsum
util\cdrom2ui
util\clamav
util\clamdb
util\dialog
apps\dn2
util\dog
util\edict
apps\fdshell

; FDTUI Conflicts with FDSHELL
; apps\fdtui

util\finddisk
util\flashrom
util\gifsicle
util\gnufonts
util\hexcomp
util\hip
drivers\hiram
util\localcfg
drivers\lptdrv
util\memteste
drivers\ntfs
util\ospimg
util\pbox
util\pdtree
apps\pgme
util\pngcrush
util\rcal
util\search
apps\sqlite
util\terminal
util\testdisk
util\unrtf
util\utf8tocp
util\wde
util\whichfat
util\wptail

; Following are Online Repository Only Packages and are excluded from the
; install media for various reasons

; archiver\lha
; archiver\unrar

; devel\tppatch

; games\kiloblas
; games\lincrawl
; games\psrinvad

; unix\minibox
; unix\tail
; unix\uptime

; util\4dos
; util\blwcbc
; apps\paint2
; util\start
; util\zdir

; new additions and returned packages

drivers\gcdrom
drivers\uide

; Not really useful unless making a FreeDOS release from scratch, moved to XTRA
; util\fdisrc

