; Package list for extra additionally included packages. It can include packages
; in the ALL and BASE list. However, these packages are not installed. But, they
; will be included on the USB stick and CD ISO images.

archiver\arj
archiver\bz2
archiver\cabext
archiver\gzip
archiver\lha
archiver\lpq1
archiver\lzip
archiver\lzma
archiver\lzop
archiver\p7zip
archiver\tar
archiver\unrar
archiver\unzip
archiver\zip
; archiver\zoo # No license specified, Public Domain?

base\append
base\assign
base\attrib
base\chkdsk
base\choice
base\command
base\comp
base\cpidos
base\ctmouse
base\debug
base\defrag
base\deltree
base\devload
base\diskcomp
base\diskcopy
base\display
base\dosfsck
base\edit
base\edlin
base\exe2bin
base\fc
base\fdapm
base\fdisk
base\fdxms
base\fdxms286
base\find
base\format
base\help
base\himemx
base\jemm
base\kernel
base\keyb
base\keyb_lay
base\label
base\lbacache
base\mem
base\mirror
base\mkeyb
base\mode
base\more
base\move
base\nansi
base\nlsfunc
base\print
; base\rdisk
base\recover
base\replace
base\share
base\shsucdx
base\sort
base\swsubst
base\tree
base\undelete
base\unformat
base\xcopy
; base\xmgr

devel\bcc
devel\bwbasic
devel\cpp2ccmt
devel\djgpp
devel\djgpp_bn
devel\djgpp_bs
devel\djgpp_db
devel\djgpp_fq
devel\djgpp_fx
devel\djgpp_gc
devel\djgpp_gp
devel\djgpp_mk
devel\djgpp_ob
devel\djgpp_rh
devel\djgpp_tx
devel\euphoria
devel\fasm
devel\fbc
devel\fbc_help
devel\fpc
devel\insight
devel\jwasm
; devel\lua # ZLib alike license?
devel\nasm
devel\ow
; devel\pacificc # No Sources
devel\perl
devel\regina
devel\runtime
devel\tppatch
devel\upx

edit\blocek
edit\doshexed
edit\e3
edit\elvis
edit\fed
edit\mbedit
edit\msedit
edit\pico
edit\tde
; edit\te
edit\uhex

emulator\atari800
emulator\chip8
emulator\fceu
; emulator\glaunch # No License Specified
emulator\meka
emulator\mines
; emulator\nesticle # No License Specified
emulator\nosefart
; emulator\rocknes # No License Specified
emulator\simcoupe
emulator\sneese
emulator\teo
emulator\vice
emulator\xf25
emulator\z26
emulator\zboy
; emulator\zsnes # No License Specified
; emulator\zxspectr # No License Specified

; games\bolitare # No License Specified
games\boom
games\btitanic
; games\chicken2 # Emailware
games\eliza
games\empong
games\ewsnake
games\fmines
games\freedoom
games\frotz
games\gnuchess
games\hangman
games\happylnd
games\ivan
; games\jumpbump # Emailware
games\kiloblas
games\kraptor
games\lincrawl
games\liquiwar
games\magnetic
games\mirmagic
games\nethack
games\nge_nibb
games\nyet
; games\pakupaku # No License
; games\pede # No License
games\psrinvad
games\qtetris
games\quadnet
games\snova
games\sudoku86
games\tetris2k
games\vertigo
games\vitetris
games\wing
games\ww1
games\xargon
games\zmiy

; net\crynwr # No License w/sources?
net\ctorrent
net\curl
net\dillo
net\ethtools
net\gopherus
net\htget
net\mtcp
net\newsnuz
net\ntool
net\picosntp
net\picotcp
net\ping
net\rsync
net\vmsmount
net\vncview
net\wget

sound\adplay
; sound\adt2 # Fair License?
sound\bladeenc
sound\dosmid
sound\dwj
sound\gsplay
sound\lame
sound\mplayer
sound\mpxplay
sound\opencp

util\4dos
util\ansimat
util\b64
util\biew
util\bmp2png
util\bootfix
util\cdrcache
util\clamav
util\clamdb
util\cpied
util\cwsdpmi
util\daa2iso
util\desi3
util\dialog
util\dn2
util\dos32a
; util\dosidle # License conflict
util\doslfn
util\doszip
util\fdimples
util\fdnpkg
util\fdshell
util\foxcalc
util\foxtype
util\gcdrom
util\gifsicle
util\gnubc
util\graphics
util\grep
util\hexcomp
util\hip
util\hiram
util\less
util\localcfg
util\localize
util\lptdrv
util\lscolor
util\md5sum
util\memtest
util\ntfs
util\opengem
util\ozonegui
util\part
util\password
util\pbox
util\pcisleep
util\pg
util\pgme
util\pngcrush
util\savepart
util\seal
util\search
util\shsufdrv
; util\slowdos # No Sources
util\sqlite
util\srdisk
util\tee
util\terminal
util\testdisk
util\tinyaes
util\touch
util\udvd2
; util\uide
; util\umbpci # No Sources
util\unrtf
util\usbdos
util\utf8tocp
util\v8power
util\wde
util\which
; util\xcdrom
util\xfdisk
util\xgrep
; util\xmsdsk # No Sources
util\zerofill
