; Package list for extra additionally included packages. It can include packages
; in the ALL and BASE list. However, these packages are not installed. But, they
; will be included on the USB stick and CD ISO images.

archiver\arj
archiver\bz2
archiver\cabext
archiver\gzip
archiver\lha
archiver\lpq1
archiver\lzip
archiver\lzma
archiver\lzop
archiver\p7zip
archiver\tar
archiver\unrar
archiver\unzip
archiver\zip
archiver\zoo

base\append
base\assign
base\attrib
base\chkdsk
base\choice
base\command
base\comp
base\cpidos
base\ctmouse
base\debug
base\defrag
base\deltree
base\devload
base\diskcomp
base\diskcopy
base\display
base\dosfsck
base\edit
base\edlin
base\exe2bin
base\fc
base\fdapm
base\fdisk
base\fdxms
base\fdxms286
base\find
base\format
base\help
base\himemx
base\jemm
base\kernel
base\keyb
base\keyb_lay
base\label
base\lbacache
base\mem
base\mirror
base\mkeyb
base\mode
base\more
base\move
base\nansi
base\nlsfunc
base\print
; base\rdisk            # Removed
base\recover
base\replace
base\share
base\shsucdx
base\sort
base\swsubst
base\tree
base\undelete
base\unformat
base\xcopy
; base\xmgr             # Removed
base\graphics

devel\bcc
devel\bwbasic
devel\cpp2ccmt
devel\djgpp
devel\djgpp_bn
devel\djgpp_bs
devel\djgpp_db
devel\djgpp_fq
devel\djgpp_fx
devel\djgpp_gc
devel\djgpp_gp
devel\djgpp_mk
devel\djgpp_ob
devel\djgpp_rh
devel\djgpp_tx
devel\euphoria
devel\fasm
devel\fbc
devel\fbc_help
devel\fpc
devel\insight
devel\jwasm
devel\lua
devel\nasm
devel\ow
; devel\pacificc        # Removed
devel\perl
devel\regina
devel\runtime
devel\tppatch
devel\upx

edit\blocek
edit\biew
edit\doshexed
edit\e3
edit\elvis
edit\fed
edit\mbedit
edit\msedit
edit\pico
edit\tde
; edit\te
edit\uhex
edit\freemacs

; emulator\atari800     # No Sources
; emulator\chip8        # No Sources
; emulator\fceu         # No Sources
; emulator\glaunch      # No Sources, No License Specified
; emulator\meka
; emulator\mines
; emulator\nesticle     # No Sources, No License Specified
; emulator\nosefart
; emulator\rocknes      # No License Specified
; emulator\simcoupe
; emulator\sneese
; emulator\teo
; emulator\vice
; emulator\xf25         # Free, no source, incompatible license
; emulator\z26
; emulator\zboy
; emulator\zsnes
; emulator\zxspectr     # ROM Images

games\bolitare
games\boom
games\btitanic
; games\chicken2        # Emailware, pulled
games\eliza
games\empong
games\ewsnake
games\fmines
games\freedoom
games\frotz
games\gnuchess
games\hangman
; games\happylnd        # Freeware, No Sources.
games\ivan
; games\jumpbump        # Emailware, pulled
games\kiloblas
games\kraptor
games\lincrawl
games\liquiwar
games\magnetic
games\mirmagic
games\nethack
games\nge_nibb
; games\nyet            # No Sources
games\pakupaku
; games\pede            # No License
games\psrinvad
games\qtetris
; games\quadnet         # No Sources
games\snova
games\sudoku86
; games\tetris2k        # Unknown License
games\vertigo
games\vitetris
games\wing
games\ww1
; games\xargon          # Two Licenses
games\zmiy

; net\crynwr
; net\ctorrent          # No License, no sources.
net\curl
net\dillo
net\ethtools
net\gopherus
net\htget
net\mtcp
net\newsnuz
net\ntool
net\picosntp
net\picotcp
net\ping
net\rsync
net\vmsmount
net\vncview
net\wget
net\wattcp
net\fdnet

sound\adplay
; sound\adt2            # Licensing Issue
sound\bladeenc
sound\dosmid
; sound\dwj             # No Source
; sound\gsplay          # No Source
sound\lame
sound\mplayer
; sound\mpxplay         # Unknown License
sound\opencp

util\4dos
util\ansimat
util\b64
util\bmp2png
util\bootfix
util\cal
util\cdrcache
util\clamav
util\clamdb
util\cpied
util\cwsdpmi
util\daa2iso
; util\desi3            # Unknown License, No Sources
util\dialog
util\dn2
util\dos32a
; util\dosidle          # License conflict
util\doslfn
util\doszip
util\du
util\fdimples
util\fdnpkg
util\fdshell
util\foxcalc
util\foxtype
; util\gcdrom           # Removed
util\gifsicle
util\gnubc
util\grep
util\hexcomp
util\hip
util\hiram
util\less
util\localcfg
util\localize
util\lptdrv
; util\lscolor          # No Sources
util\md5sum
; util\memtest          # No Sources
; util\memteste         # Pulled until sources and licensing issues resolved
util\ntfs
util\opengem
util\ozonegui
util\part
util\password
util\pbox
util\pcisleep
util\pg
util\pgme
util\pngcrush
; util\savepart         # No Sources
util\seal
util\search
util\shsufdrv
; util\slowdos          # No Sources
util\slowdown
util\sqlite
util\srdisk
util\tee
util\terminal
util\testdisk
; util\tinyaes          # Unknown License
util\touch
util\udvd2
; util\uide             # Removed
; util\umbpci           # No Sources
util\unrtf
util\usbdos
util\utf8tocp
util\v8power
util\wde
util\which
; util\xcdrom           # Removed
util\xdel
util\xfdisk
util\xgrep
; util\xmsdsk           # No Sources
util\zerofill

; Old FreeDOS 1.1 packages
boot\syslnx
; base\samcfg           # FART source version issues
util\dosutil
util\callver
util\fdshield
util\flashrom

; New additions
util\cdrom2ui
util\finddisk
util\whichfat

; More new additions on 7/10/16
util\doszip
util\dzemm
util\head
util\dog
util\lfndos
util\gnuchcp
util\gnufonts
; util\tail
util\gnused

; 7/17/16 additions
net\links
net\sshdos
util\nro
util\pdtree
util\raread
util\rawrite
boot\romdsk
boot\romos
util\setlock
util\shareext
util\sleep
util\spool
util\stamp
util\start
util\switchar
util\topspin
util\trch
util\uptime
util\wcd
util\xkeyb
util\wptail
