; Package list for additional packages that are installed onto the FULL version
; of the FDI USB Stick image.

; These are the same as all other install media versions.

base\command
base\kernel
base\deltree
base\xcopy
base\devload
base\attrib
base\shsucdx
util\shsufdrv
base\fdisk
base\fdapm
base\format
base\fc

util\v8power
util\fdimples

base\lbacache
util\grep
util\fdnpkg
archiver\zip

base\himemx
base\jemm
base\edit
base\mem
base\more
util\doslfn

util\udvd2

; These are additional packages only on FULL USB Stick.
; DO NOT duplicate package entries.

base\chkdsk
base\ctmouse
base\defrag
base\devload
base\diskcomp
base\diskcopy
base\display
base\dosfsck
base\find
base\keyb
base\keyb_lay
base\mkeyb
base\mode
base\more
base\move
base\replace
base\share
base\sort
base\tree
base\undelete
base\unformat

archiver\bz2
archiver\gzip
archiver\tar
archiver\unzip

net\fdnet
net\wget
net\vmsmount

util\bootfix
util\cwsdpmi
util\md5sum
util\part
util\raread
util\rawrite
util\usbdos
util\which
util\whichfat
util\xfdisk
util\xkeyb


