; Package list for EXTRA packages.

; This is the package list used for the packages included on larger install
; media. Not every package is installed. Depending on the users selection,
; only the packages in BASE or FULL are installed by the installer.

; Include all package sets to make sure there packages are present.
; $PKG_BASE$
; $PKG_FDI$
; $PKG_FULL$
; $PKG_LIVE$
$PKG_ASSIST$

; Extra packages that are not automatically installed.

; The return an improvement of her FDNet Package :-)
net\fdnet

; Excluded, lacks a clear license.
; util\paint2

base\htmlhelp

archiver\7zdec
archiver\arj
archiver\cabext
archiver\lpq1
archiver\p7zip
archiver\zoo
base\samcfg
boot\syslnx
devel\bcc
devel\fpc
devel\nasm
devel\watcomc
devel\upx
edit\fed
edit\freemacs
edit\uhex
edit\vim
net\arachne
net\crynwr
net\curl
net\dillo
net\dwol
net\e1000pkt
net\e100pkt
net\ethtools
net\gopherus
net\htget
net\links
net\lynx
net\m2wat
net\mskermit
net\mtcp
net\newsnuz
net\ntool
net\picosntp
net\picotcp
net\ping
net\rsync
net\ssh2dos
net\sshdos
net\vmsmount
net\vncview
net\wattcp
net\wget
sound\adplay
sound\cdp
sound\dosmid
sound\mplayer
sound\opencp
apps\dn2
util\dog
util\fdisrc
apps\fdshell
util\finddisk
util\flashrom
util\gnufonts
unix\gnused
util\hexcomp
drivers\hiram
util\localcfg
drivers\lptdrv
util\memteste
drivers\ntfs
util\ospimg
util\pdtree
apps\pgme
util\rcal
util\search
util\terminal
util\testdisk
util\unrtf
unix\uptimec
util\utf8tocp
util\wcd
util\wde
util\whichfat
util\wptail

net\etherdfs
util\edict
apps\fdtui
util\aefdisk

drivers\gcdrom
drivers\uide
drivers\uhdd
drivers\udvd2
devel\kittenc
util\tp7p5fix


